<!DOCTYPE html>
<html lang="en">
<head>
    <meta charset="UTF-8">
    <title>test-include</title>
</head>
<body>
<h1>test-include</h1>
</body>
</html>