<div>
  <h1>产品列表</h1>
  
<ul>
  <li>product</li>
</ul>

</div>


